\BOOKMARK [1][-]{appendix.A}{\376\377\000D\000a\000t\000a\000\040\000a\000p\000p\000e\000n\000d\000i\000x}{}% 1
\BOOKMARK [2][-]{subsection.A.1}{\376\377\000F\000i\000n\000a\000n\000c\000i\000a\000l\000\040\000m\000a\000r\000k\000e\000t\000\040\000d\000a\000t\000a}{appendix.A}% 2
\BOOKMARK [2][-]{subsection.A.2}{\376\377\000M\000a\000c\000r\000o\000e\000c\000o\000n\000o\000m\000i\000c\000\040\000d\000a\000t\000a}{appendix.A}% 3
\BOOKMARK [2][-]{subsection.A.3}{\376\377\000P\000o\000l\000i\000t\000i\000c\000a\000l\000\040\000i\000n\000s\000t\000i\000t\000u\000t\000i\000o\000n\000s\000\040\000d\000a\000t\000a}{appendix.A}% 4
\BOOKMARK [3][-]{subsubsection.A.3.1}{\376\377\000V\000-\000D\000e\000m\000\040\000i\000n\000d\000i\000c\000e\000s}{subsection.A.3}% 5
\BOOKMARK [3][-]{subsubsection.A.3.2}{\376\377\000O\000t\000h\000e\000r\000\040\000d\000a\000t\000a\000\040\000o\000n\000\040\000p\000o\000l\000i\000t\000i\000c\000a\000l\000\040\000i\000n\000s\000t\000i\000t\000u\000t\000i\000o\000n\000s}{subsection.A.3}% 6
\BOOKMARK [3][-]{subsubsection.A.3.3}{\376\377\000E\000p\000i\000s\000o\000d\000e\000s\000\040\000o\000f\000\040\000R\000e\000g\000i\000m\000e\000\040\000T\000r\000a\000n\000s\000f\000o\000r\000m\000a\000t\000i\000o\000n\000\040\000d\000a\000t\000a}{subsection.A.3}% 7
\BOOKMARK [2][-]{subsection.A.4}{\376\377\000E\000v\000e\000n\000t\000s\000\040\000d\000a\000t\000a}{appendix.A}% 8
\BOOKMARK [2][-]{subsection.A.5}{\376\377\000S\000u\000m\000m\000a\000r\000y\000\040\000s\000t\000a\000t\000i\000s\000t\000i\000c\000s}{appendix.A}% 9
\BOOKMARK [1][-]{appendix.B}{\376\377\000S\000t\000y\000l\000i\000z\000e\000d\000\040\000f\000a\000c\000t\000s\000\040\000a\000p\000p\000e\000n\000d\000i\000x}{}% 10
\BOOKMARK [2][-]{subsection.B.1}{\376\377\000D\000e\000m\000o\000c\000r\000a\000t\000i\000z\000a\000t\000i\000o\000n\000s\000\040\000d\000u\000r\000i\000n\000g\000\040\000d\000e\000f\000a\000u\000l\000t\000s\000\040\000a\000n\000d\000\040\000w\000a\000r\000s}{appendix.B}% 11
\BOOKMARK [2][-]{subsection.B.2}{\376\377\000R\000o\000b\000u\000s\000t\000n\000e\000s\000s\000\040\000o\000n\000\040\000t\000h\000e\000\040\000r\000i\000s\000e\000\040\000i\000n\000\040\000r\000i\000s\000k\000\040\000p\000r\000e\000m\000i\000a\000\040\000d\000u\000r\000i\000n\000g\000\040\000d\000e\000m\000o\000c\000r\000a\000t\000i\000z\000a\000t\000i\000o\000n\000s}{appendix.B}% 12
\BOOKMARK [2][-]{subsection.B.3}{\376\377\000A\000d\000d\000i\000t\000i\000o\000n\000a\000l\000\040\000e\000v\000e\000n\000t\000\040\000s\000t\000u\000d\000y\000\040\000p\000l\000o\000t\000s}{appendix.B}% 13
\BOOKMARK [2][-]{subsection.B.4}{\376\377\000A\000d\000d\000i\000t\000i\000o\000n\000a\000l\000\040\000e\000v\000i\000d\000e\000n\000c\000e\000\040\000o\000n\000\040\000m\000a\000c\000r\000o\000e\000c\000o\000n\000o\000m\000i\000c\000\040\000a\000n\000d\000\040\000p\000o\000l\000i\000t\000i\000c\000a\000l\000\040\000r\000i\000s\000k\000\040\000a\000n\000d\000\040\000u\000n\000c\000e\000r\000t\000a\000i\000n\000t\000y}{appendix.B}% 14
\BOOKMARK [1][-]{appendix.C}{\376\377\000Q\000u\000a\000s\000i\000-\000n\000a\000t\000u\000r\000a\000l\000\040\000e\000x\000p\000e\000r\000i\000m\000e\000n\000t\000\040\000a\000p\000p\000e\000n\000d\000i\000x}{}% 15
\BOOKMARK [2][-]{subsection.C.1}{\376\377\000L\000i\000k\000e\000l\000i\000h\000o\000o\000d\000\040\000o\000f\000\040\000d\000e\000m\000o\000c\000r\000a\000t\000i\000z\000a\000t\000i\000o\000n\000s\000\040\000a\000f\000t\000e\000r\000\040\000V\000a\000t\000i\000c\000a\000n\000\040\000I\000I}{appendix.C}% 16
\BOOKMARK [2][-]{subsection.C.2}{\376\377\000T\000h\000e\000\040\000F\000i\000r\000s\000t\000\040\000V\000a\000t\000i\000c\000a\000n\000\040\000C\000o\000u\000n\000c\000i\000l}{appendix.C}% 17
\BOOKMARK [2][-]{subsection.C.3}{\376\377\000S\000h\000i\000f\000t\000i\000n\000g\000\040\000t\000h\000e\000\040\000t\000r\000e\000a\000t\000m\000e\000n\000t\000\040\000w\000i\000n\000d\000o\000w}{appendix.C}% 18
\BOOKMARK [2][-]{subsection.C.4}{\376\377\000M\000a\000j\000o\000r\000i\000t\000y\000\040\000C\000a\000t\000h\000o\000l\000i\000c\000\040\000d\000e\000m\000o\000c\000r\000a\000c\000i\000e\000s}{appendix.C}% 19
\BOOKMARK [2][-]{subsection.C.5}{\376\377\000E\000s\000t\000i\000m\000a\000t\000i\000o\000n\000\040\000e\000n\000d\000\040\000d\000a\000t\000e}{appendix.C}% 20
\BOOKMARK [2][-]{subsection.C.6}{\376\377\000D\000r\000o\000p\000p\000i\000n\000g\000\040\000e\000v\000e\000r\000y\000\040\000c\000o\000u\000n\000t\000r\000y\000\040\000p\000a\000i\000r}{appendix.C}% 21
\BOOKMARK [2][-]{subsection.C.7}{\376\377\000E\000x\000t\000r\000e\000m\000e\000\040\000v\000a\000l\000u\000e\000s\000\040\000d\000r\000i\000v\000i\000n\000g\000\040\000t\000h\000e\000\040\000r\000e\000s\000u\000l\000t\000s}{appendix.C}% 22
\BOOKMARK [2][-]{subsection.C.8}{\376\377\000O\000t\000h\000e\000r\000\040\000m\000e\000t\000h\000o\000d\000s\000\040\000o\000f\000\040\000a\000d\000j\000u\000s\000t\000i\000n\000g\000\040\000f\000o\000r\000\040\000o\000r\000t\000h\000o\000g\000o\000n\000a\000l\000\040\000s\000o\000u\000r\000c\000e\000s\000\040\000o\000f\000\040\000r\000i\000s\000k}{appendix.C}% 23
\BOOKMARK [2][-]{subsection.C.9}{\376\377\000A\000d\000d\000r\000e\000s\000s\000i\000n\000g\000\040\000i\000n\000f\000l\000a\000t\000i\000o\000n\000\040\000r\000i\000s\000k}{appendix.C}% 24
\BOOKMARK [2][-]{subsection.C.10}{\376\377\000R\000e\000s\000u\000l\000t\000s\000\040\000w\000i\000t\000h\000\040\000d\000i\000v\000i\000d\000e\000n\000d\000\040\000y\000i\000e\000l\000d\000s}{appendix.C}% 25
\BOOKMARK [1][-]{appendix.D}{\376\377\000D\000e\000m\000o\000c\000r\000a\000c\000y\000\040\000a\000n\000d\000\040\000r\000e\000d\000i\000s\000t\000r\000i\000b\000u\000t\000i\000o\000n\000\040\000a\000p\000p\000e\000n\000d\000i\000x}{}% 26
\BOOKMARK [2][-]{subsection.D.1}{\376\377\000E\000v\000e\000n\000t\000\040\000s\000t\000u\000d\000y\000\040\000p\000l\000o\000t\000s}{appendix.D}% 27
\BOOKMARK [2][-]{subsection.D.2}{\376\377\000P\000r\000i\000c\000e\000s\000\040\000a\000t\000\040\000d\000e\000m\000o\000c\000r\000a\000t\000i\000z\000a\000t\000i\000o\000n\000\040\000e\000n\000d\000s}{appendix.D}% 28
\BOOKMARK [2][-]{subsection.D.3}{\376\377\000A\000s\000s\000e\000t\000\040\000p\000r\000i\000c\000e\000s\000\040\000a\000n\000d\000\040\000r\000e\000d\000i\000s\000t\000r\000i\000b\000u\000t\000i\000o\000n}{appendix.D}% 29
\BOOKMARK [1][-]{appendix.E}{\376\377\000M\000o\000d\000e\000l\000\040\000c\000a\000l\000c\000u\000l\000a\000t\000i\000o\000n\000s\000\040\000a\000n\000d\000\040\000p\000r\000o\000o\000f\000s}{}% 30
\BOOKMARK [2][-]{subsection.E.1}{\376\377\000V\000a\000l\000u\000e\000\040\000f\000u\000n\000c\000t\000i\000o\000n\000s\000\040\000o\000f\000\040\000t\000h\000e\000\040\000C\000i\000t\000i\000z\000e\000n\000s\000\040\000a\000n\000d\000\040\000t\000h\000e\000\040\000E\000l\000i\000t\000e\000s}{appendix.E}% 31
\BOOKMARK [2][-]{subsection.E.2}{\376\377\000S\000o\000l\000u\000t\000i\000o\000n\000\040\000t\000o\000\040\000m\000o\000r\000e\000\040\000g\000e\000n\000e\000r\000a\000l\000\040\000c\000a\000s\000e\000s\000\040\000o\000f\000\040\000t\000h\000e\000\040\000m\000o\000d\000e\000l}{appendix.E}% 32
\BOOKMARK [2][-]{subsection.E.3}{\376\377\000A\000s\000s\000e\000t\000\040\000p\000r\000i\000c\000i\000n\000g\000\040\000a\000l\000g\000e\000b\000r\000a}{appendix.E}% 33
\BOOKMARK [2][-]{subsection.E.4}{\376\377\000G\000r\000a\000d\000u\000a\000l\000\040\000r\000e\000d\000i\000s\000t\000r\000i\000b\000u\000t\000i\000o\000n}{appendix.E}% 34
\BOOKMARK [1][-]{appendix.F}{\376\377\000C\000a\000s\000e\000\040\000s\000t\000u\000d\000i\000e\000s\000\040\000o\000f\000\040\000d\000e\000m\000o\000c\000r\000a\000t\000i\000z\000a\000t\000i\000o\000n}{}% 35
\BOOKMARK [2][-]{subsection.F.1}{\376\377\000S\000w\000e\000d\000e\000n\000,\000\040\0001\0009\0001\0007\040\023\0001\0009\0002\0004}{appendix.F}% 36
\BOOKMARK [2][-]{subsection.F.2}{\376\377\000F\000r\000a\000n\000c\000e\000,\000\040\0001\0008\0004\0007\040\023\0001\0008\0004\0008}{appendix.F}% 37
\BOOKMARK [1][-]{appendix.G}{\376\377\000L\000i\000s\000t\000\040\000o\000f\000\040\000d\000e\000m\000o\000c\000r\000a\000t\000i\000z\000a\000t\000i\000o\000n\000s}{}% 38
