*** Builder log created: {2026-04-08 12:02:44}
*** Builder log completed: {2026-04-08 12:02:48}

  ___  ____  ____  ____  ____ ®
 /__    /   ____/   /   ____/      StataNow 19.5
___/   /   /___/   /   /___/       MP—Parallel Edition

 Statistics and Data Science       Copyright 1985-2025 StataCorp LLC
                                   StataCorp
                                   4905 Lakeway Drive
                                   College Station, Texas 77845 USA
                                   800-782-8272        https://www.stata.com
                                   979-696-4600        service@stata.com

Stata license: Unlimited-user 4-core network, expiring 17 Nov 2026
Serial number: 501909320365
  Licensed to: HBS User
               Harvard Business School

Notes:
      1. Stata is running in batch mode.
      2. Unicode is supported; see help unicode_advice.
      3. More than 2 billion observations are allowed; see help obs_advice.
      4. Maximum number of variables is set to 5,000 but can be increased;
          see help set_maxvar.

. do "source/derived/01_events/01_create_valid_iso3_codes.do" 

. /*
> Purpose: create list of valid ISO3 codes for the analysis
> Primary author: Max Miller
> Date: 11-26-2025
> */
. 
. * ===========================================================================
> ===
. * Housekeeping
. * ===========================================================================
> ===
. 
. clear all

. version 19

. 
. * ===========================================================================
> ===
. * Set globals
. * ===========================================================================
> ===
. 
. global CROSSWALKS                       "datastore/raw/crosswalks"

. global REGIME_CHANGE_ORIG   "datastore/raw/regime_change/orig"

. global EVENTS_DERIVED           "datastore/derived/events"

. global VDEM_DATA                        "datastore/raw/vdem/data"

. global VDEM_ORIG                        "datastore/raw/vdem/orig"

. 
. * ===========================================================================
> ===
. * Main execution logic
. * ===========================================================================
> ===
. 
. program main
  1. 
.         ** This is giving a list of all countries we will want to analyze
.         use country_text_id using "${VDEM_ORIG}/version10/V-Dem-CY-Full+Other
> s-v10.dta", clear
  2.         rename country_text_id country
  3.         
.         ** Drop all the German principalities
.         * We are using the "DEU" series for Germany
.         * Drops Baden, Brunswick, German Democratic Republic (East Germany),
.         * Hesse-Darmstadt, Hesse-Kassel, Hamburg, Hanover, Mecklenburg Schwer
> in,
.         * Nassau, Oldenburg, Saxe-Weimar-Eisenach, Saxony, Württemberg
.         drop if inlist(country, "BDN", "BRW", "DDR", "HDM", "HKS", "HRG", "HV
> R", "MCL", "NSS")
  4.         drop if inlist(country, "OLD", "SAX", "SXN", "WRG")
  5.         
.         ** Drop all the Italian states
.         * The ITA series does not start until 1861, but will drop the Italian
>  states
.         * Drops Modena, Papal States, Parma, Piedmont-Sardinia, Tuscany, Two 
> Sicilies
.         drop if inlist(country, "MDN", "PPS", "PRM", "SPD", "TSC", "TWS")
  6.         
.         ** Drop Palestinian territories (keep only the West Bank series PSE)
.         drop if inlist(country, "PSB", "PSG")
  7.         
.         ** Drop Republic of Vietnam
.         drop if country == "VDR"
  8.         
.         duplicates drop
  9.         
.         ** Add Timor-Leste and Democratic Republic of the Congo
.         set obs `=_N+1'
 10.         replace country = "TMP" if country == ""
 11. 
.         set obs `=_N+1'
 12.         replace country = "CDR" if country == ""
 13.         
.         save "${CROSSWALKS}/valid_iso3_codes.dta", replace
 14.         
. end

. 
. * ===========================================================================
> ===
. * Run script
. * ===========================================================================
> ===
. 
. main
(V-Dem CY-Full+Others)
(659 observations deleted)
(298 observations deleted)
(396 observations deleted)
(63 observations deleted)
(174 observations deleted)

Duplicates in terms of all variables

(25,243 observations deleted)
Number of observations (_N) was 180, now 181.
(1 real change made)
Number of observations (_N) was 181, now 182.
(1 real change made)
(file datastore/raw/crosswalks/valid_iso3_codes.dta not found)
file datastore/raw/crosswalks/valid_iso3_codes.dta saved

. 
end of do-file
