*** New build: {2026-04-08 13:57:49} ***
scons: done reading SConscript files.
scons: Cleaning targets ...
Removed datastore/raw/vdem/data/pre1900_dem.dta
Removed datastore/raw/crosswalks/valid_iso3_codes.dta
Removed datastore/derived/events/regime_change.dta
Removed datastore/derived/events/coup_detat.dta
Removed datastore/derived/events/financial_crisis.dta
Removed datastore/derived/events/default.dta
Removed datastore/derived/events/head_of_government_deaths.dta
Removed datastore/derived/events/icb_crisis.dta
Removed datastore/derived/events/recession.dta
Removed datastore/derived/events/interstate_wars.dta
Removed datastore/derived/events/intrastate_wars.dta
Removed datastore/derived/events/extrastate_wars.dta
Removed datastore/derived/events/militarized_interstate_disputes.dta
Removed datastore/derived/events/all_events.dta
Removed datastore/derived/assets/factset.dta
Removed datastore/derived/assets/ibes_global.dta
Removed datastore/derived/assets/all_div_yld.dta
Removed datastore/derived/macro_political/all_inflation.dta
Removed datastore/derived/assets/all_equity_returns.dta
Removed datastore/derived/assets/all_fixed_income.dta
Removed datastore/derived/assets/global_safe_asset.dta
Removed datastore/derived/assets/all_cashflow_growth.dta
Removed datastore/derived/assets/other_asset_market_variables.dta
Removed datastore/derived/macro_political/real_gdp.dta
Removed datastore/derived/macro_political/gov_rev.dta
Removed datastore/derived/assets/home_country_bond_rate.dta
Removed datastore/derived/assets/all_excess_and_abnormal_returns.dta
Removed datastore/derived/assets/campbell_1991_var_shocks.dta
Removed datastore/derived/macro_political/investment_capital_ratio.dta
Removed datastore/derived/macro_political/tax_rates.dta
Removed datastore/derived/macro_political/gini_coefficients.dta
Removed datastore/derived/macro_political/regions.dta
Removed datastore/derived/macro_political/anti_system_cso_activity_and_mobilizations.dta
Removed datastore/derived/macro_political/physical_and_political_violence.dta
Removed datastore/derived/macro_political/resource_inequality.dta
Removed datastore/derived/macro_political/property_rights_protection.dta
Removed datastore/derived/macro_political/corruption_and_bribery.dta
Removed datastore/derived/macro_political/democracy_index_and_regime_info.dta
Removed datastore/derived/macro_political/economic_competition.dta
Removed datastore/derived/macro_political/fdi_clean.dta
Removed datastore/derived/macro_political/catholic_pct_1816_2018.dta
Removed datastore/derived/macro_political/catholic_pct_1939_1983.dta
Removed datastore/derived/analysis/section_3_data.dta
Removed source/numbers/section3.json
Removed source/numbers/section4.json
Removed source/numbers/section6.json
Removed datastore/derived/analysis/section_4_data.dta
Removed source/figures/raw/figure_D10a_democratize_price_response_succ.pdf
Removed source/figures/raw/figure_D10b_democratize_price_response_ld.pdf
Removed source/numbers/figureD10.json
Removed source/tables/raw/table_1_change_in_log_dividend_yields.tex
Removed source/numbers/table1.json
Removed source/tables/raw/table_10_high_vs_low_redistribution_risk.tex
Removed source/numbers/table10.json
Removed source/tables/raw/table_2_cashflow_growth.tex
Removed source/numbers/table2.json
Removed source/tables/raw/table_3_democratization_vs_other_political_risk.tex
Removed source/numbers/table3.json
Removed source/tables/raw/table_4_revolution_risk.tex
Removed source/numbers/table4.json
Removed source/tables/raw/table_5_regional_waves_instrument.tex
Removed source/numbers/table5.json
Removed source/tables/raw/table_7_did_results.tex
Removed source/numbers/table7.json
Removed source/tables/raw/table_8_explicit_redistribution.tex
Removed source/numbers/table8.json
Removed source/tables/raw/table_9_implicit_redistribution.tex
Removed source/numbers/table9.json
Removed source/tables/raw/table_B3_risk_premium.tex
Removed source/numbers/tableB3.json
Removed empirics_numbers.json
Removed source/tables/raw/table_11_model_calibration.tex
Removed source/derived/model/baseline_params.json
Removed source/tables/raw/table_12_model_results.tex
Removed model_numbers.json
Removed source/figures/raw/figure_1_dividend_yield_event_study.pdf
Removed source/figures/data/figure_1_democratization_event_study.dta
Removed source/figures/data/figure_1_financial_crisis_event_study.dta
Removed source/figures/raw/figure_2_physical_human_capital.pdf
Removed source/figures/data/figure_2_investment_capital_ratio_event_study.dta
Removed source/figures/data/figure_2_human_capital_event_study.dta
Removed source/figures/raw/figure_5a_event_study_anti_system_cso.pdf
Removed source/figures/raw/figure_5b_event_study_democratic_protests.pdf
Removed source/figures/data/figure_5a_event_study_anti_system_cso.dta
Removed source/figures/data/figure_5b_event_study_democratic_protests.dta
Removed source/figures/raw/figure_6_did_event_study_returns.pdf
Removed source/figures/data/figure_6_did_event_study_returns.dta
Removed source/figures/raw/figure_B1a_log_price_event_study.pdf
Removed source/figures/raw/figure_B1a_log_price_event_study_lp.pdf
Removed source/figures/raw/figure_B1b_log_dividend_growth_event_study.pdf
Removed source/figures/raw/figure_B1b_log_dividend_growth_event_study_lp.pdf
Removed source/figures/raw/figure_B1c_log_gdp_per_capita_event_study.pdf
Removed source/figures/raw/figure_B1c_log_gdp_per_capita_event_study_lp.pdf
Removed source/figures/data/figure_B1a_log_price_event_study.dta
Removed source/figures/data/figure_B1a_log_price_event_study_fc.dta
Removed source/figures/data/figure_B1b_log_dividend_growth_event_study.dta
Removed source/figures/data/figure_B1b_log_dividend_growth_event_study_fc.dta
Removed source/figures/data/figure_B1c_log_gdp_per_capita_event_study.dta
Removed source/figures/data/figure_B1c_log_gdp_per_capita_event_study_fc.dta
Removed source/figures/data/figure_B1a_log_price_event_study_lp.dta
Removed source/figures/data/figure_B1a_log_price_event_study_fc_lp.dta
Removed source/figures/data/figure_B1b_log_dividend_growth_event_study_lp.dta
Removed source/figures/data/figure_B1b_log_dividend_growth_event_study_fc_lp.dta
Removed source/figures/data/figure_B1c_log_gdp_per_capita_event_study_lp.dta
Removed source/figures/data/figure_B1c_log_gdp_per_capita_event_study_fc_lp.dta
Removed source/figures/raw/figure_B2_dividend_yield_event_study_1.pdf
Removed source/figures/raw/figure_B2_dividend_yield_event_study_2.pdf
Removed source/figures/raw/figure_B2_dividend_yield_event_study_3.pdf
Removed source/figures/raw/figure_B2_dividend_yield_event_study_4.pdf
Removed source/figures/raw/figure_B2_dividend_yield_event_study_1_lp.pdf
Removed source/figures/raw/figure_B2_dividend_yield_event_study_2_lp.pdf
Removed source/figures/raw/figure_B2_dividend_yield_event_study_3_lp.pdf
Removed source/figures/raw/figure_B2_dividend_yield_event_study_4_lp.pdf
Removed source/figures/data/figure_B2_democratization_event_study_1.dta
Removed source/figures/data/figure_B2_democratization_event_study_2.dta
Removed source/figures/data/figure_B2_democratization_event_study_3.dta
Removed source/figures/data/figure_B2_democratization_event_study_4.dta
Removed source/figures/data/figure_B2_financial_crisis_event_study_1.dta
Removed source/figures/data/figure_B2_financial_crisis_event_study_2.dta
Removed source/figures/data/figure_B2_financial_crisis_event_study_3.dta
Removed source/figures/data/figure_B2_financial_crisis_event_study_4.dta
Removed source/figures/data/figure_B2_democratization_event_study_1_lp.dta
Removed source/figures/data/figure_B2_democratization_event_study_2_lp.dta
Removed source/figures/data/figure_B2_democratization_event_study_3_lp.dta
Removed source/figures/data/figure_B2_democratization_event_study_4_lp.dta
Removed source/figures/data/figure_B2_financial_crisis_event_study_1_lp.dta
Removed source/figures/data/figure_B2_financial_crisis_event_study_2_lp.dta
Removed source/figures/data/figure_B2_financial_crisis_event_study_3_lp.dta
Removed source/figures/data/figure_B2_financial_crisis_event_study_4_lp.dta
Removed source/figures/raw/figure_C6a_country_pair_PE_short.pdf
Removed source/figures/raw/figure_C6a_country_pair_T_short.pdf
Removed source/figures/raw/figure_C6b_country_pair_PE_short_aut.pdf
Removed source/figures/raw/figure_C6b_country_pair_T_short_aut.pdf
Removed source/figures/data/figure_C6a_country_pair_short.dta
Removed source/figures/data/figure_C6b_country_pair_short_aut.dta
Removed source/figures/raw/figure_C7a_country_pair_PE_long.pdf
Removed source/figures/raw/figure_C7a_country_pair_T_long.pdf
Removed source/figures/raw/figure_C7b_country_pair_PE_long_aut.pdf
Removed source/figures/raw/figure_C7b_country_pair_T_long_aut.pdf
Removed source/figures/data/figure_C7a_country_pair_long.dta
Removed source/figures/data/figure_C7b_country_pair_long_aut.dta
Removed source/figures/raw/figure_C8_dividend_yield_event_study.pdf
Removed source/figures/data/figure_C8_dividend_yield_event_study.dta
Removed source/figures/raw/figure_D9a_explicit_redistribute_event_study_govt_rev_gdp.pdf
Removed source/figures/raw/figure_D9b_explicit_redistribute_event_study_swiid.pdf
Removed source/figures/data/figure_D9a_explicit_redistribute_event_study_govt_rev_gdp.dta
Removed source/figures/data/figure_D9b_explicit_redistribute_event_study_swiid.dta
Removed source/figures/raw/figure_3a_gdp_growth_distribution.pdf
Removed source/figures/raw/figure_3b_consumption_growth_distribution.pdf
Removed source/figures/raw/figure_4_regional_waves.pdf
Removed source/figures/raw/figure_7_coefficients_over_time.pdf
Removed source/figures/raw/figure_8_autocratization_model.pdf
Removed source/figures/raw/figure_C3_democracy_activity_mobil.pdf
Removed source/figures/raw/figure_C4a_country_pair_falsification.pdf
Removed source/figures/raw/figure_C4b_country_pair_falsification_aut.pdf
Removed source/figures/raw/figure_C5a_window_end_date_all.pdf
Removed source/figures/raw/figure_C5b_window_end_date_aut.pdf
Removed source/figures/raw/figure_F12_sweden_case_study.pdf
Removed source/figures/raw/figure_F13_france_case_study.pdf
Removed source/paper/miller_2025.pdf
Removed source/paper/online_appendix.pdf
Removed source/paper/numbers/section_3.tex
Removed source/paper/numbers/section_4.tex
Removed source/paper/numbers/section_5.tex
Removed source/paper/numbers/section_6.tex
Removed source/tables/raw/table_6_balance_tests.tex
Removed source/tables/raw/table_A1_summary_statistics.tex
Removed source/tables/raw/table_B2_adverse_dividend_growth.tex
Removed source/tables/raw/table_B4_macro_political_risk_measures.tex
Removed source/tables/raw/table_B5a_adverse_probability_all.tex
Removed source/tables/raw/table_B5b_adverse_probability_div_yld.tex
Removed source/tables/raw/table_B6_democratize_risk_measures.tex
Removed source/tables/raw/table_C10a_removing_outliers_short_sample.tex
Removed source/tables/raw/table_C10b_removing_outliers_long_sample.tex
Removed source/tables/raw/table_C11_did_robust_weights.tex
Removed source/tables/raw/table_C12_did_global_capm.tex
Removed source/tables/raw/table_C13_did_no_rolling_beta.tex
Removed source/tables/raw/table_C14_did_results_country_bonds.tex
Removed source/tables/raw/table_C15_did_capital_gains.tex
Removed source/tables/raw/table_C7_probability_democratize_post_vatican_ii.tex
Removed source/tables/raw/table_C8_did_first_vatican.tex
Removed source/tables/raw/table_C9_did_democracies.tex
Removed source/tables/raw/table_D16_inequality_price_decline.tex
Removed source/tables/raw/table_G17_democratizations_and_history.tex
scons: done cleaning targets.
